// Jest Snapshot v1, https://goo.gl/fbAQLP

exports[`Theme Default Style generate darkTheme default style 1`] = `
{
  "color": "#464646",
  "fontFamily": "Inter",
  "fontSize": "14px",
  "fontWeight": "400",
  "height": "100%",
  "width": "100%",
}
`;

exports[`Theme Default Style generate empty theme default style 1`] = `
{
  "color": "#464646",
  "fontFamily": "Inter",
  "fontSize": "14px",
  "fontWeight": "400",
  "height": "100%",
  "width": "100%",
}
`;

exports[`Theme Default Style generate lightTheme default style 1`] = `
{
  "color": "#464646",
  "fontFamily": "Inter",
  "fontSize": "14px",
  "fontWeight": "400",
  "height": "100%",
  "width": "100%",
}
`;
