// Jest Snapshot v1, https://goo.gl/fbAQLP

exports[`Theme to Variables generate darkTheme CSS variables 1`] = `
{
  "--palette-action-danger-active": "#f5222d",
  "--palette-action-danger-disabled": "#f5f5f5",
  "--palette-action-danger-focus": "#f5222d",
  "--palette-action-danger-hover": "#ff4d4f",
  "--palette-action-danger-selected": "#d9363e",
  "--palette-action-primary-active": "#1890ff",
  "--palette-action-primary-disabled": "#f5f5f5",
  "--palette-action-primary-focus": "#40a9ff",
  "--palette-action-primary-hover": "#40a9ff",
  "--palette-action-primary-selected": "#096dd9",
  "--palette-action-secondary-active": "#ffffff",
  "--palette-action-secondary-disabled": "#f5f5f5",
  "--palette-action-secondary-focus": "#40a9ff",
  "--palette-action-secondary-hover": "#40a9ff",
  "--palette-action-secondary-selected": "#096dd9",
  "--palette-background-0": "#ffffff",
  "--palette-background-100": "#ffffff",
  "--palette-background-200": "#ffffff",
  "--palette-background-300": "#ffffff",
  "--palette-background-400": "#ffffff",
  "--palette-background-500": "#ffffff",
  "--palette-common-black": "#000000",
  "--palette-common-grey-100": "#f5f5f5",
  "--palette-common-grey-200": "#f0f0f0",
  "--palette-common-grey-300": "#e6e6e6",
  "--palette-common-grey-400": "#d9d9d9",
  "--palette-common-grey-50": "#fafafa",
  "--palette-common-grey-500": "#d4d4d4",
  "--palette-common-grey-600": "#aaaaaa",
  "--palette-common-grey-700": "#858585",
  "--palette-common-grey-800": "#666666",
  "--palette-common-grey-900": "#444444",
  "--palette-common-white": "#ffffff",
  "--palette-error-contrastText": "#ffffff",
  "--palette-error-dark": "#d9363e",
  "--palette-error-light": "#ff4d4f",
  "--palette-error-main": "#f5222d",
  "--palette-info-contrastText": "#666666",
  "--palette-info-dark": "#1890ff",
  "--palette-info-light": "#e6f7ff",
  "--palette-info-main": "#9cdcfe",
  "--palette-link-active": "#1890ff",
  "--palette-link-disabled": "#f5f5f5",
  "--palette-link-focus": "#096dd9",
  "--palette-link-hover": "#40a9ff",
  "--palette-link-selected": "#096dd9",
  "--palette-mode": "dark",
  "--palette-primary-contrastText": "#ffffff",
  "--palette-primary-dark": "#096dd9",
  "--palette-primary-light": "#40a9ff",
  "--palette-primary-main": "#1890ff",
  "--palette-secondary-contrastText": "#666666",
  "--palette-secondary-dark": "#666666",
  "--palette-secondary-light": "#d9d9d9",
  "--palette-secondary-main": "#aaaaaa",
  "--palette-success-contrastText": "#666666",
  "--palette-success-dark": "#52c41a",
  "--palette-success-light": "#f6ffed",
  "--palette-success-main": "#b7eb8f",
  "--palette-warning-contrastText": "#666666",
  "--palette-warning-dark": "#ff9933",
  "--palette-warning-light": "#fffbe6",
  "--palette-warning-main": "#ffe58f",
  "--shape-border-radius-lg": "8",
  "--shape-border-radius-md": "4",
  "--shape-border-radius-sm": "2",
  "--shape-border-radius-xl": "16",
  "--shape-border-radius-xs": "1",
  "--shape-border-width-lg": "8",
  "--shape-border-width-md": "4",
  "--shape-border-width-sm": "2",
  "--shape-border-width-xl": "16",
  "--shape-border-width-xs": "1",
  "--shape-size-2xl": "24",
  "--shape-size-3xl": "32",
  "--shape-size-4xl": "64",
  "--shape-size-5xl": "96",
  "--shape-size-lg": "8",
  "--shape-size-md": "4",
  "--shape-size-sm": "2",
  "--shape-size-xl": "16",
  "--shape-size-xs": "1",
  "--spacing-gap-lg": "24",
  "--spacing-gap-md": "16",
  "--spacing-gap-sm": "8",
  "--spacing-gap-xl": "32",
  "--spacing-gap-xs": "4",
  "--spacing-margin-lg": "24",
  "--spacing-margin-md": "16",
  "--spacing-margin-sm": "8",
  "--spacing-margin-xl": "32",
  "--spacing-margin-xs": "4",
  "--spacing-padding-lg": "24",
  "--spacing-padding-md": "16",
  "--spacing-padding-sm": "8",
  "--spacing-padding-xl": "32",
  "--spacing-padding-xs": "4",
  "--typography-action-fontFamily": "Inter",
  "--typography-action-fontSize": "16",
  "--typography-action-fontWeight": "400",
  "--typography-action-lineHeight": "16",
  "--typography-bodyL-fontFamily": "Inter",
  "--typography-bodyL-fontSize": "18",
  "--typography-bodyL-fontWeight": "400",
  "--typography-bodyL-lineHeight": "24",
  "--typography-bodyLBold-fontFamily": "Inter",
  "--typography-bodyLBold-fontSize": "18",
  "--typography-bodyLBold-fontWeight": "600",
  "--typography-bodyLBold-lineHeight": "24",
  "--typography-bodyM-fontFamily": "Inter",
  "--typography-bodyM-fontSize": "16",
  "--typography-bodyM-fontWeight": "400",
  "--typography-bodyM-lineHeight": "24",
  "--typography-bodyMBold-fontFamily": "Inter",
  "--typography-bodyMBold-fontSize": "16",
  "--typography-bodyMBold-fontWeight": "600",
  "--typography-bodyMBold-lineHeight": "24",
  "--typography-bodyS-fontFamily": "Inter",
  "--typography-bodyS-fontSize": "14",
  "--typography-bodyS-fontWeight": "400",
  "--typography-bodyS-lineHeight": "16",
  "--typography-bodySBold-fontFamily": "Inter",
  "--typography-bodySBold-fontSize": "14",
  "--typography-bodySBold-fontWeight": "600",
  "--typography-bodySBold-lineHeight": "16",
  "--typography-caption-fontFamily": "Inter",
  "--typography-caption-fontSize": "12",
  "--typography-caption-fontWeight": "400",
  "--typography-caption-lineHeight": "12",
  "--typography-code-fontFamily": "Menlo",
  "--typography-code-fontSize": "14",
  "--typography-code-fontWeight": "400",
  "--typography-code-lineHeight": "24",
  "--typography-h1-fontFamily": "Inter",
  "--typography-h1-fontSize": "24",
  "--typography-h1-fontWeight": "600",
  "--typography-h1-lineHeight": "32",
  "--typography-h2-fontFamily": "Inter",
  "--typography-h2-fontSize": "20",
  "--typography-h2-fontWeight": "600",
  "--typography-h2-lineHeight": "32",
  "--typography-h3-fontFamily": "Inter",
  "--typography-h3-fontSize": "18",
  "--typography-h3-fontWeight": "600",
  "--typography-h3-lineHeight": "24",
  "--typography-h4-fontFamily": "Inter",
  "--typography-h4-fontSize": "16",
  "--typography-h4-fontWeight": "600",
  "--typography-h4-lineHeight": "24",
  "--typography-link-fontFamily": "Inter",
  "--typography-link-fontSize": "16",
  "--typography-link-fontWeight": "400",
  "--typography-link-lineHeight": "24",
  "--typography-link-textDecoration": "underline",
}
`;

exports[`Theme to Variables generate empty theme CSS variables 1`] = `{}`;

exports[`Theme to Variables generate lightTheme CSS variables 1`] = `
{
  "--palette-action-danger-active": "#f5222d",
  "--palette-action-danger-disabled": "#f5f5f5",
  "--palette-action-danger-focus": "#f5222d",
  "--palette-action-danger-hover": "#ff4d4f",
  "--palette-action-danger-selected": "#d9363e",
  "--palette-action-primary-active": "#1890ff",
  "--palette-action-primary-disabled": "#f5f5f5",
  "--palette-action-primary-focus": "#40a9ff",
  "--palette-action-primary-hover": "#40a9ff",
  "--palette-action-primary-selected": "#096dd9",
  "--palette-action-secondary-active": "#ffffff",
  "--palette-action-secondary-disabled": "#f5f5f5",
  "--palette-action-secondary-focus": "#40a9ff",
  "--palette-action-secondary-hover": "#40a9ff",
  "--palette-action-secondary-selected": "#096dd9",
  "--palette-background-0": "#ffffff",
  "--palette-background-100": "#ffffff",
  "--palette-background-200": "#ffffff",
  "--palette-background-300": "#ffffff",
  "--palette-background-400": "#ffffff",
  "--palette-background-500": "#ffffff",
  "--palette-common-black": "#000000",
  "--palette-common-grey-100": "#f5f5f5",
  "--palette-common-grey-200": "#f0f0f0",
  "--palette-common-grey-300": "#e6e6e6",
  "--palette-common-grey-400": "#d9d9d9",
  "--palette-common-grey-50": "#fafafa",
  "--palette-common-grey-500": "#d4d4d4",
  "--palette-common-grey-600": "#aaaaaa",
  "--palette-common-grey-700": "#858585",
  "--palette-common-grey-800": "#666666",
  "--palette-common-grey-900": "#444444",
  "--palette-common-white": "#ffffff",
  "--palette-error-contrastText": "#ffffff",
  "--palette-error-dark": "#d9363e",
  "--palette-error-light": "#ff4d4f",
  "--palette-error-main": "#f5222d",
  "--palette-info-contrastText": "#666666",
  "--palette-info-dark": "#1890ff",
  "--palette-info-light": "#e6f7ff",
  "--palette-info-main": "#9cdcfe",
  "--palette-link-active": "#1890ff",
  "--palette-link-disabled": "#f5f5f5",
  "--palette-link-focus": "#096dd9",
  "--palette-link-hover": "#40a9ff",
  "--palette-link-selected": "#096dd9",
  "--palette-mode": "light",
  "--palette-primary-contrastText": "#ffffff",
  "--palette-primary-dark": "#096dd9",
  "--palette-primary-light": "#40a9ff",
  "--palette-primary-main": "#1890ff",
  "--palette-secondary-contrastText": "#666666",
  "--palette-secondary-dark": "#666666",
  "--palette-secondary-light": "#d9d9d9",
  "--palette-secondary-main": "#aaaaaa",
  "--palette-success-contrastText": "#666666",
  "--palette-success-dark": "#52c41a",
  "--palette-success-light": "#f6ffed",
  "--palette-success-main": "#b7eb8f",
  "--palette-warning-contrastText": "#666666",
  "--palette-warning-dark": "#ff9933",
  "--palette-warning-light": "#fffbe6",
  "--palette-warning-main": "#ffe58f",
  "--shape-border-radius-lg": "8",
  "--shape-border-radius-md": "4",
  "--shape-border-radius-sm": "2",
  "--shape-border-radius-xl": "16",
  "--shape-border-radius-xs": "1",
  "--shape-border-width-lg": "8",
  "--shape-border-width-md": "4",
  "--shape-border-width-sm": "2",
  "--shape-border-width-xl": "16",
  "--shape-border-width-xs": "1",
  "--shape-size-2xl": "24",
  "--shape-size-3xl": "32",
  "--shape-size-4xl": "48",
  "--shape-size-5xl": "64",
  "--shape-size-6xl": "96",
  "--shape-size-lg": "8",
  "--shape-size-md": "4",
  "--shape-size-sm": "2",
  "--shape-size-xl": "16",
  "--shape-size-xs": "1",
  "--spacing-gap-lg": "24",
  "--spacing-gap-md": "16",
  "--spacing-gap-sm": "8",
  "--spacing-gap-xl": "32",
  "--spacing-gap-xs": "4",
  "--spacing-margin-lg": "24",
  "--spacing-margin-md": "16",
  "--spacing-margin-sm": "8",
  "--spacing-margin-xl": "32",
  "--spacing-margin-xs": "4",
  "--spacing-padding-lg": "24",
  "--spacing-padding-md": "16",
  "--spacing-padding-sm": "8",
  "--spacing-padding-xl": "32",
  "--spacing-padding-xs": "4",
  "--typography-action-fontFamily": "Inter",
  "--typography-action-fontSize": "14",
  "--typography-action-fontWeight": "400",
  "--typography-action-lineHeight": "16",
  "--typography-bodyL-fontFamily": "Inter",
  "--typography-bodyL-fontSize": "18",
  "--typography-bodyL-fontWeight": "400",
  "--typography-bodyL-lineHeight": "24",
  "--typography-bodyLBold-fontFamily": "Inter",
  "--typography-bodyLBold-fontSize": "18",
  "--typography-bodyLBold-fontWeight": "600",
  "--typography-bodyLBold-lineHeight": "24",
  "--typography-bodyM-fontFamily": "Inter",
  "--typography-bodyM-fontSize": "16",
  "--typography-bodyM-fontWeight": "400",
  "--typography-bodyM-lineHeight": "24",
  "--typography-bodyMBold-fontFamily": "Inter",
  "--typography-bodyMBold-fontSize": "16",
  "--typography-bodyMBold-fontWeight": "600",
  "--typography-bodyMBold-lineHeight": "24",
  "--typography-bodyS-fontFamily": "Inter",
  "--typography-bodyS-fontSize": "14",
  "--typography-bodyS-fontWeight": "400",
  "--typography-bodyS-lineHeight": "24",
  "--typography-bodySBold-fontFamily": "Inter",
  "--typography-bodySBold-fontSize": "14",
  "--typography-bodySBold-fontWeight": "600",
  "--typography-bodySBold-lineHeight": "24",
  "--typography-caption-fontFamily": "Inter",
  "--typography-caption-fontSize": "12",
  "--typography-caption-fontWeight": "400",
  "--typography-caption-lineHeight": "12",
  "--typography-code-fontFamily": "Menlo",
  "--typography-code-fontSize": "14",
  "--typography-code-fontWeight": "400",
  "--typography-code-lineHeight": "24",
  "--typography-h1-fontFamily": "Inter",
  "--typography-h1-fontSize": "24",
  "--typography-h1-fontWeight": "600",
  "--typography-h1-lineHeight": "32",
  "--typography-h2-fontFamily": "Inter",
  "--typography-h2-fontSize": "20",
  "--typography-h2-fontWeight": "600",
  "--typography-h2-lineHeight": "32",
  "--typography-h3-fontFamily": "Inter",
  "--typography-h3-fontSize": "18",
  "--typography-h3-fontWeight": "600",
  "--typography-h3-lineHeight": "24",
  "--typography-h4-fontFamily": "Inter",
  "--typography-h4-fontSize": "16",
  "--typography-h4-fontWeight": "600",
  "--typography-h4-lineHeight": "24",
  "--typography-link-fontFamily": "Inter",
  "--typography-link-fontSize": "16",
  "--typography-link-fontWeight": "400",
  "--typography-link-lineHeight": "24",
  "--typography-link-textDecoration": "underline",
}
`;
